"Done creating short-lived objects!"
"end scope."
1
2
"c now is collectible."
"Peoplecan be collected now."
"Creating a big list..."
"Yield with bigList in memory."
"Main: after first resume."
"Yield after dropping bigList reference."
"Main: after second resume."
"memoryConsumer done."
"Main:done."
